[0] -> foo, -1, 0
[1] -> foo, -1, 0
[2] -> Aged Brie, -1, 3
[3] -> Backstage passes to a TAFKAL80ETC concert, -1, 0
[4] -> foo, -1, 0
[5] -> Aged Brie, -1, 50
[6] -> Aged Brie, 10, 49
[7] -> Backstage passes to a TAFKAL80ETC concert, 9, 50
[8] -> Backstage passes to a TAFKAL80ETC concert, 4, 50
